[2026-09-12T09:17:48.965724+00:00] Started evaluation for submission 794b6b7d-15dc-484f-945a-8cfded9e0e26 at 2026-09-12T09:17:48.965704+00:00
[2026-09-12T09:17:48.965727+00:00] Validating JSON input...
[2026-09-12T09:17:48.965730+00:00] Downloading submission input...
[2026-09-12T09:17:49.041455+00:00] Input valid
[2026-09-12T09:17:49.043571+00:00] PlantSim loading level
[2026-09-12T09:17:49.047108+00:00] PlantSim loaded level (50x50, 500 ticks)
[2026-09-12T09:17:49.340249+00:00] PlantSim input validation started
[2026-09-12T09:17:49.341443+00:00] PlantSim input validation completed
[2026-09-12T09:17:49.341495+00:00] PlantSim scheduled 1800 participant actions
[2026-09-12T09:17:49.341499+00:00] PlantSim simulation started
[2026-09-12T09:17:49.366578+00:00] Weather condition occurred: season changed to Summer on tick 100
[2026-09-12T09:17:49.366835+00:00] Weather condition occurred: season changed to Autumn on tick 200
[2026-09-12T09:17:49.367084+00:00] Weather condition occurred: season changed to Winter on tick 300
[2026-09-12T09:17:49.367341+00:00] Weather condition occurred: season changed to Spring on tick 400
[2026-09-12T09:17:49.370008+00:00] Placement denied for plant 1 at (10, 1): plant already occupies cell
[2026-09-12T09:17:49.370020+00:00] Placement denied for plant 1 at (11, 1): plant already occupies cell
[2026-09-12T09:17:49.370023+00:00] Placement denied for plant 1 at (12, 1): plant already occupies cell
[2026-09-12T09:17:49.370027+00:00] Placement denied for plant 1 at (13, 1): plant already occupies cell
[2026-09-12T09:17:49.370030+00:00] Placement denied for plant 1 at (14, 1): plant already occupies cell
[2026-09-12T09:17:49.370033+00:00] Placement denied for plant 1 at (15, 1): plant already occupies cell
[2026-09-12T09:17:49.370036+00:00] Placement denied for plant 1 at (16, 1): plant already occupies cell
[2026-09-12T09:17:49.370039+00:00] Placement denied for plant 1 at (17, 1): plant already occupies cell
[2026-09-12T09:17:49.370042+00:00] Placement denied for plant 1 at (18, 1): plant already occupies cell
[2026-09-12T09:17:49.370045+00:00] Placement denied for plant 1 at (19, 1): plant already occupies cell
[2026-09-12T09:17:49.371173+00:00] Placement denied for plant 1 at (30, 1): plant already occupies cell
[2026-09-12T09:17:49.371182+00:00] Placement denied for plant 1 at (31, 1): plant already occupies cell
[2026-09-12T09:17:49.371185+00:00] Placement denied for plant 1 at (32, 1): plant already occupies cell
[2026-09-12T09:17:49.371189+00:00] Placement denied for plant 1 at (33, 1): plant already occupies cell
[2026-09-12T09:17:49.371192+00:00] Placement denied for plant 1 at (34, 1): plant already occupies cell
[2026-09-12T09:17:49.371196+00:00] Placement denied for plant 1 at (35, 1): plant already occupies cell
[2026-09-12T09:17:49.371199+00:00] Placement denied for plant 1 at (36, 1): plant already occupies cell
[2026-09-12T09:17:49.371202+00:00] Placement denied for plant 1 at (37, 1): plant already occupies cell
[2026-09-12T09:17:49.371204+00:00] Placement denied for plant 1 at (38, 1): plant already occupies cell
[2026-09-12T09:17:49.371208+00:00] Placement denied for plant 1 at (39, 1): plant already occupies cell
[2026-09-12T09:17:49.372617+00:00] Placement denied for plant 1 at (0, 2): plant already occupies cell
[2026-09-12T09:17:49.372623+00:00] Placement denied for plant 1 at (1, 2): plant already occupies cell
[2026-09-12T09:17:49.372627+00:00] Placement denied for plant 1 at (2, 2): plant already occupies cell
[2026-09-12T09:17:49.372630+00:00] Placement denied for plant 1 at (3, 2): plant already occupies cell
[2026-09-12T09:17:49.372633+00:00] Placement denied for plant 1 at (4, 2): plant already occupies cell
[2026-09-12T09:17:49.372637+00:00] Placement denied for plant 1 at (5, 2): plant already occupies cell
[2026-09-12T09:17:49.372640+00:00] Placement denied for plant 1 at (6, 2): plant already occupies cell
[2026-09-12T09:17:49.372643+00:00] Placement denied for plant 1 at (7, 2): plant already occupies cell
[2026-09-12T09:17:49.372646+00:00] Placement denied for plant 1 at (8, 2): plant already occupies cell
[2026-09-12T09:17:49.372649+00:00] Placement denied for plant 1 at (9, 2): plant already occupies cell
[2026-09-12T09:17:49.372652+00:00] Placement denied for plant 1 at (10, 2): plant already occupies cell
[2026-09-12T09:17:49.372655+00:00] Placement denied for plant 1 at (11, 2): plant already occupies cell
[2026-09-12T09:17:49.372658+00:00] Placement denied for plant 1 at (12, 2): plant already occupies cell
[2026-09-12T09:17:49.372661+00:00] Placement denied for plant 1 at (13, 2): plant already occupies cell
[2026-09-12T09:17:49.372663+00:00] Placement denied for plant 1 at (14, 2): plant already occupies cell
[2026-09-12T09:17:49.372666+00:00] Placement denied for plant 1 at (15, 2): plant already occupies cell
[2026-09-12T09:17:49.372669+00:00] Placement denied for plant 1 at (16, 2): plant already occupies cell
[2026-09-12T09:17:49.372672+00:00] Placement denied for plant 1 at (17, 2): plant already occupies cell
[2026-09-12T09:17:49.372675+00:00] Placement denied for plant 1 at (18, 2): plant already occupies cell
[2026-09-12T09:17:49.372678+00:00] Placement denied for plant 1 at (19, 2): plant already occupies cell
[2026-09-12T09:17:49.374030+00:00] Placement denied for plant 1 at (20, 2): plant already occupies cell
[2026-09-12T09:17:49.374039+00:00] Placement denied for plant 1 at (21, 2): plant already occupies cell
[2026-09-12T09:17:49.374042+00:00] Placement denied for plant 1 at (22, 2): plant already occupies cell
[2026-09-12T09:17:49.374045+00:00] Placement denied for plant 1 at (23, 2): plant already occupies cell
[2026-09-12T09:17:49.374048+00:00] Placement denied for plant 1 at (24, 2): plant already occupies cell
[2026-09-12T09:17:49.374051+00:00] Placement denied for plant 1 at (25, 2): plant already occupies cell
[2026-09-12T09:17:49.374054+00:00] Placement denied for plant 1 at (26, 2): plant already occupies cell
[2026-09-12T09:17:49.374057+00:00] Placement denied for plant 1 at (27, 2): plant already occupies cell
[2026-09-12T09:17:49.374060+00:00] Placement denied for plant 1 at (28, 2): plant already occupies cell
[2026-09-12T09:17:49.374063+00:00] Placement denied for plant 1 at (29, 2): plant already occupies cell
[2026-09-12T09:17:49.374066+00:00] Placement denied for plant 1 at (30, 2): plant already occupies cell
[2026-09-12T09:17:49.374069+00:00] Placement denied for plant 1 at (31, 2): plant already occupies cell
[2026-09-12T09:17:49.374072+00:00] Placement denied for plant 1 at (32, 2): plant already occupies cell
[2026-09-12T09:17:49.374075+00:00] Placement denied for plant 1 at (33, 2): plant already occupies cell
[2026-09-12T09:17:49.374078+00:00] Placement denied for plant 1 at (34, 2): plant already occupies cell
[2026-09-12T09:17:49.374081+00:00] Placement denied for plant 1 at (35, 2): plant already occupies cell
[2026-09-12T09:17:49.374084+00:00] Placement denied for plant 1 at (36, 2): plant already occupies cell
[2026-09-12T09:17:49.374087+00:00] Placement denied for plant 1 at (37, 2): plant already occupies cell
[2026-09-12T09:17:49.374089+00:00] Placement denied for plant 1 at (38, 2): plant already occupies cell
[2026-09-12T09:17:49.374092+00:00] Placement denied for plant 1 at (39, 2): plant already occupies cell
[2026-09-12T09:17:49.376463+00:00] Placement denied for plant 1 at (40, 2): plant already occupies cell
[2026-09-12T09:17:49.376471+00:00] Placement denied for plant 1 at (41, 2): plant already occupies cell
[2026-09-12T09:17:49.376475+00:00] Placement denied for plant 1 at (42, 2): plant already occupies cell
[2026-09-12T09:17:49.376480+00:00] Placement denied for plant 1 at (43, 2): plant already occupies cell
[2026-09-12T09:17:49.376485+00:00] Placement denied for plant 1 at (44, 2): plant already occupies cell
[2026-09-12T09:17:49.376488+00:00] Placement denied for plant 1 at (45, 2): plant already occupies cell
[2026-09-12T09:17:49.376492+00:00] Placement denied for plant 1 at (46, 2): plant already occupies cell
[2026-09-12T09:17:49.376496+00:00] Placement denied for plant 1 at (47, 2): plant already occupies cell
[2026-09-12T09:17:49.376499+00:00] Placement denied for plant 1 at (48, 2): plant already occupies cell
[2026-09-12T09:17:49.376503+00:00] Placement denied for plant 1 at (49, 2): plant already occupies cell
[2026-09-12T09:17:49.376506+00:00] Placement denied for plant 1 at (0, 3): plant already occupies cell
[2026-09-12T09:17:49.376510+00:00] Placement denied for plant 1 at (1, 3): plant already occupies cell
[2026-09-12T09:17:49.376514+00:00] Placement denied for plant 1 at (2, 3): plant already occupies cell
[2026-09-12T09:17:49.376517+00:00] Placement denied for plant 1 at (3, 3): plant already occupies cell
[2026-09-12T09:17:49.376521+00:00] Placement denied for plant 1 at (4, 3): plant already occupies cell
[2026-09-12T09:17:49.376524+00:00] Placement denied for plant 1 at (5, 3): plant already occupies cell
[2026-09-12T09:17:49.376528+00:00] Placement denied for plant 1 at (6, 3): plant already occupies cell
[2026-09-12T09:17:49.376531+00:00] Placement denied for plant 1 at (7, 3): plant already occupies cell
[2026-09-12T09:17:49.376534+00:00] Placement denied for plant 1 at (8, 3): plant already occupies cell
[2026-09-12T09:17:49.376538+00:00] Placement denied for plant 1 at (9, 3): plant already occupies cell
[2026-09-12T09:17:49.378115+00:00] Placement denied for plant 1 at (10, 3): plant already occupies cell
[2026-09-12T09:17:49.378124+00:00] Placement denied for plant 1 at (11, 3): plant already occupies cell
[2026-09-12T09:17:49.378127+00:00] Placement denied for plant 1 at (12, 3): plant already occupies cell
[2026-09-12T09:17:49.378130+00:00] Placement denied for plant 1 at (13, 3): plant already occupies cell
[2026-09-12T09:17:49.378133+00:00] Placement denied for plant 1 at (14, 3): plant already occupies cell
[2026-09-12T09:17:49.378136+00:00] Placement denied for plant 1 at (15, 3): plant already occupies cell
[2026-09-12T09:17:49.378140+00:00] Placement denied for plant 1 at (16, 3): plant already occupies cell
[2026-09-12T09:17:49.378143+00:00] Placement denied for plant 1 at (17, 3): plant already occupies cell
[2026-09-12T09:17:49.378146+00:00] Placement denied for plant 1 at (18, 3): plant already occupies cell
[2026-09-12T09:17:49.378149+00:00] Placement denied for plant 1 at (19, 3): plant already occupies cell
[2026-09-12T09:17:49.378152+00:00] Placement denied for plant 1 at (20, 3): plant already occupies cell
[2026-09-12T09:17:49.378155+00:00] Placement denied for plant 1 at (21, 3): plant already occupies cell
[2026-09-12T09:17:49.378158+00:00] Placement denied for plant 1 at (22, 3): plant already occupies cell
[2026-09-12T09:17:49.378161+00:00] Placement denied for plant 1 at (23, 3): plant already occupies cell
[2026-09-12T09:17:49.378164+00:00] Placement denied for plant 1 at (24, 3): plant already occupies cell
[2026-09-12T09:17:49.378167+00:00] Placement denied for plant 1 at (25, 3): plant already occupies cell
[2026-09-12T09:17:49.378170+00:00] Placement denied for plant 1 at (26, 3): plant already occupies cell
[2026-09-12T09:17:49.378173+00:00] Placement denied for plant 1 at (27, 3): plant already occupies cell
[2026-09-12T09:17:49.378176+00:00] Placement denied for plant 1 at (28, 3): plant already occupies cell
[2026-09-12T09:17:49.378179+00:00] Placement denied for plant 1 at (29, 3): plant already occupies cell
[2026-09-12T09:17:49.379961+00:00] Placement denied for plant 1 at (30, 3): plant already occupies cell
[2026-09-12T09:17:49.379968+00:00] Placement denied for plant 1 at (31, 3): plant already occupies cell
[2026-09-12T09:17:49.379972+00:00] Placement denied for plant 1 at (32, 3): plant already occupies cell
[2026-09-12T09:17:49.379975+00:00] Placement denied for plant 1 at (33, 3): plant already occupies cell
[2026-09-12T09:17:49.379978+00:00] Placement denied for plant 1 at (34, 3): plant already occupies cell
[2026-09-12T09:17:49.379981+00:00] Placement denied for plant 1 at (35, 3): plant already occupies cell
[2026-09-12T09:17:49.379984+00:00] Placement denied for plant 1 at (36, 3): plant already occupies cell
[2026-09-12T09:17:49.379987+00:00] Placement denied for plant 1 at (37, 3): plant already occupies cell
[2026-09-12T09:17:49.379991+00:00] Placement denied for plant 1 at (38, 3): plant already occupies cell
[2026-09-12T09:17:49.379994+00:00] Placement denied for plant 1 at (39, 3): plant already occupies cell
[2026-09-12T09:17:49.379997+00:00] Placement denied for plant 1 at (40, 3): plant already occupies cell
[2026-09-12T09:17:49.380000+00:00] Placement denied for plant 1 at (41, 3): plant already occupies cell
[2026-09-12T09:17:49.380004+00:00] Placement denied for plant 1 at (42, 3): plant already occupies cell
[2026-09-12T09:17:49.380007+00:00] Placement denied for plant 1 at (43, 3): plant already occupies cell
[2026-09-12T09:17:49.380010+00:00] Placement denied for plant 1 at (44, 3): plant already occupies cell
[2026-09-12T09:17:49.380013+00:00] Placement denied for plant 1 at (45, 3): plant already occupies cell
[2026-09-12T09:17:49.380016+00:00] Placement denied for plant 1 at (46, 3): plant already occupies cell
[2026-09-12T09:17:49.380019+00:00] Placement denied for plant 1 at (47, 3): plant already occupies cell
[2026-09-12T09:17:49.380022+00:00] Placement denied for plant 1 at (48, 3): plant already occupies cell
[2026-09-12T09:17:49.380025+00:00] Placement denied for plant 1 at (49, 3): plant already occupies cell
[2026-09-12T09:17:49.381715+00:00] Placement denied for plant 1 at (0, 4): plant already occupies cell
[2026-09-12T09:17:49.381724+00:00] Placement denied for plant 1 at (1, 4): plant already occupies cell
[2026-09-12T09:17:49.381727+00:00] Placement denied for plant 1 at (2, 4): plant already occupies cell
[2026-09-12T09:17:49.381730+00:00] Placement denied for plant 1 at (3, 4): plant already occupies cell
[2026-09-12T09:17:49.381733+00:00] Placement denied for plant 1 at (4, 4): plant already occupies cell
[2026-09-12T09:17:49.381736+00:00] Placement denied for plant 1 at (5, 4): plant already occupies cell
[2026-09-12T09:17:49.381738+00:00] Placement denied for plant 1 at (6, 4): plant already occupies cell
[2026-09-12T09:17:49.381741+00:00] Placement denied for plant 1 at (7, 4): plant already occupies cell
[2026-09-12T09:17:49.381744+00:00] Placement denied for plant 1 at (8, 4): plant already occupies cell
[2026-09-12T09:17:49.381747+00:00] Placement denied for plant 1 at (9, 4): plant already occupies cell
[2026-09-12T09:17:49.381750+00:00] Placement denied for plant 1 at (10, 4): plant already occupies cell
[2026-09-12T09:17:49.381753+00:00] Placement denied for plant 1 at (11, 4): plant already occupies cell
[2026-09-12T09:17:49.381756+00:00] Placement denied for plant 1 at (12, 4): plant already occupies cell
[2026-09-12T09:17:49.381759+00:00] Placement denied for plant 1 at (13, 4): plant already occupies cell
[2026-09-12T09:17:49.381762+00:00] Placement denied for plant 1 at (14, 4): plant already occupies cell
[2026-09-12T09:17:49.381765+00:00] Placement denied for plant 1 at (15, 4): plant already occupies cell
[2026-09-12T09:17:49.381768+00:00] Placement denied for plant 1 at (16, 4): plant already occupies cell
[2026-09-12T09:17:49.381771+00:00] Placement denied for plant 1 at (17, 4): plant already occupies cell
[2026-09-12T09:17:49.381774+00:00] Placement denied for plant 1 at (18, 4): plant already occupies cell
[2026-09-12T09:17:49.381776+00:00] Placement denied for plant 1 at (19, 4): plant already occupies cell
[2026-09-12T09:17:49.383711+00:00] Placement denied for plant 1 at (20, 4): plant already occupies cell
[2026-09-12T09:17:49.383717+00:00] Placement denied for plant 1 at (21, 4): plant already occupies cell
[2026-09-12T09:17:49.383721+00:00] Placement denied for plant 1 at (22, 4): plant already occupies cell
[2026-09-12T09:17:49.383724+00:00] Placement denied for plant 1 at (23, 4): plant already occupies cell
[2026-09-12T09:17:49.383727+00:00] Placement denied for plant 1 at (24, 4): plant already occupies cell
[2026-09-12T09:17:49.383731+00:00] Placement denied for plant 1 at (25, 4): plant already occupies cell
[2026-09-12T09:17:49.383735+00:00] Placement denied for plant 1 at (26, 4): plant already occupies cell
[2026-09-12T09:17:49.383738+00:00] Placement denied for plant 1 at (27, 4): plant already occupies cell
[2026-09-12T09:17:49.383741+00:00] Placement denied for plant 1 at (28, 4): plant already occupies cell
[2026-09-12T09:17:49.383744+00:00] Placement denied for plant 1 at (29, 4): plant already occupies cell
[2026-09-12T09:17:49.383747+00:00] Placement denied for plant 1 at (30, 4): plant already occupies cell
[2026-09-12T09:17:49.383749+00:00] Placement denied for plant 1 at (31, 4): plant already occupies cell
[2026-09-12T09:17:49.383752+00:00] Placement denied for plant 1 at (32, 4): plant already occupies cell
[2026-09-12T09:17:49.383755+00:00] Placement denied for plant 1 at (33, 4): plant already occupies cell
[2026-09-12T09:17:49.383758+00:00] Placement denied for plant 1 at (34, 4): plant already occupies cell
[2026-09-12T09:17:49.383761+00:00] Placement denied for plant 1 at (35, 4): plant already occupies cell
[2026-09-12T09:17:49.383764+00:00] Placement denied for plant 1 at (36, 4): plant already occupies cell
[2026-09-12T09:17:49.383767+00:00] Placement denied for plant 1 at (37, 4): plant already occupies cell
[2026-09-12T09:17:49.383769+00:00] Placement denied for plant 1 at (38, 4): plant already occupies cell
[2026-09-12T09:17:49.383773+00:00] Placement denied for plant 1 at (39, 4): plant already occupies cell
[2026-09-12T09:17:49.385816+00:00] Placement denied for plant 1 at (40, 4): plant already occupies cell
[2026-09-12T09:17:49.385825+00:00] Placement denied for plant 1 at (41, 4): plant already occupies cell
[2026-09-12T09:17:49.385829+00:00] Placement denied for plant 1 at (42, 4): plant already occupies cell
[2026-09-12T09:17:49.385832+00:00] Placement denied for plant 1 at (43, 4): plant already occupies cell
[2026-09-12T09:17:49.385834+00:00] Placement denied for plant 1 at (44, 4): plant already occupies cell
[2026-09-12T09:17:49.385837+00:00] Placement denied for plant 1 at (45, 4): plant already occupies cell
[2026-09-12T09:17:49.385840+00:00] Placement denied for plant 1 at (46, 4): plant already occupies cell
[2026-09-12T09:17:49.385844+00:00] Placement denied for plant 1 at (47, 4): plant already occupies cell
[2026-09-12T09:17:49.385846+00:00] Placement denied for plant 1 at (48, 4): plant already occupies cell
[2026-09-12T09:17:49.385849+00:00] Placement denied for plant 1 at (49, 4): plant already occupies cell
[2026-09-12T09:17:49.385852+00:00] Placement denied for plant 1 at (0, 5): plant already occupies cell
[2026-09-12T09:17:49.385855+00:00] Placement denied for plant 1 at (1, 5): plant already occupies cell
[2026-09-12T09:17:49.385858+00:00] Placement denied for plant 1 at (2, 5): plant already occupies cell
[2026-09-12T09:17:49.385861+00:00] Placement denied for plant 1 at (3, 5): plant already occupies cell
[2026-09-12T09:17:49.385864+00:00] Placement denied for plant 1 at (4, 5): plant already occupies cell
[2026-09-12T09:17:49.385867+00:00] Placement denied for plant 1 at (5, 5): plant already occupies cell
[2026-09-12T09:17:49.385870+00:00] Placement denied for plant 1 at (6, 5): plant already occupies cell
[2026-09-12T09:17:49.385873+00:00] Placement denied for plant 1 at (7, 5): plant already occupies cell
[2026-09-12T09:17:49.385876+00:00] Placement denied for plant 1 at (8, 5): plant already occupies cell
[2026-09-12T09:17:49.385879+00:00] Placement denied for plant 1 at (9, 5): plant already occupies cell
[2026-09-12T09:17:49.388097+00:00] Placement denied for plant 1 at (10, 5): plant already occupies cell
[2026-09-12T09:17:49.388105+00:00] Placement denied for plant 1 at (11, 5): plant already occupies cell
[2026-09-12T09:17:49.388109+00:00] Placement denied for plant 1 at (12, 5): plant already occupies cell
[2026-09-12T09:17:49.388112+00:00] Placement denied for plant 1 at (13, 5): plant already occupies cell
[2026-09-12T09:17:49.388115+00:00] Placement denied for plant 1 at (14, 5): plant already occupies cell
[2026-09-12T09:17:49.388118+00:00] Placement denied for plant 1 at (15, 5): plant already occupies cell
[2026-09-12T09:17:49.388120+00:00] Placement denied for plant 1 at (16, 5): plant already occupies cell
[2026-09-12T09:17:49.388124+00:00] Placement denied for plant 1 at (17, 5): plant already occupies cell
[2026-09-12T09:17:49.388127+00:00] Placement denied for plant 1 at (18, 5): plant already occupies cell
[2026-09-12T09:17:49.388130+00:00] Placement denied for plant 1 at (19, 5): plant already occupies cell
[2026-09-12T09:17:49.388133+00:00] Placement denied for plant 1 at (20, 5): plant already occupies cell
[2026-09-12T09:17:49.388136+00:00] Placement denied for plant 1 at (21, 5): plant already occupies cell
[2026-09-12T09:17:49.388139+00:00] Placement denied for plant 1 at (22, 5): plant already occupies cell
[2026-09-12T09:17:49.388141+00:00] Placement denied for plant 1 at (23, 5): plant already occupies cell
[2026-09-12T09:17:49.388144+00:00] Placement denied for plant 1 at (24, 5): plant already occupies cell
[2026-09-12T09:17:49.388147+00:00] Placement denied for plant 1 at (25, 5): plant already occupies cell
[2026-09-12T09:17:49.388150+00:00] Placement denied for plant 1 at (26, 5): plant already occupies cell
[2026-09-12T09:17:49.388153+00:00] Placement denied for plant 1 at (27, 5): plant already occupies cell
[2026-09-12T09:17:49.388155+00:00] Placement denied for plant 1 at (28, 5): plant already occupies cell
[2026-09-12T09:17:49.388158+00:00] Placement denied for plant 1 at (29, 5): plant already occupies cell
[2026-09-12T09:17:49.390190+00:00] Placement denied for plant 1 at (30, 5): plant already occupies cell
[2026-09-12T09:17:49.390199+00:00] Placement denied for plant 1 at (31, 5): plant already occupies cell
[2026-09-12T09:17:49.390202+00:00] Placement denied for plant 1 at (32, 5): plant already occupies cell
[2026-09-12T09:17:49.390205+00:00] Placement denied for plant 1 at (33, 5): plant already occupies cell
[2026-09-12T09:17:49.390209+00:00] Placement denied for plant 1 at (34, 5): plant already occupies cell
[2026-09-12T09:17:49.390212+00:00] Placement denied for plant 1 at (35, 5): plant already occupies cell
[2026-09-12T09:17:49.390215+00:00] Placement denied for plant 1 at (36, 5): plant already occupies cell
[2026-09-12T09:17:49.390218+00:00] Placement denied for plant 1 at (37, 5): plant already occupies cell
[2026-09-12T09:17:49.390221+00:00] Placement denied for plant 1 at (38, 5): plant already occupies cell
[2026-09-12T09:17:49.390224+00:00] Placement denied for plant 1 at (39, 5): plant already occupies cell
[2026-09-12T09:17:49.390227+00:00] Placement denied for plant 1 at (40, 5): plant already occupies cell
[2026-09-12T09:17:49.390230+00:00] Placement denied for plant 1 at (41, 5): plant already occupies cell
[2026-09-12T09:17:49.390233+00:00] Placement denied for plant 1 at (42, 5): plant already occupies cell
[2026-09-12T09:17:49.390236+00:00] Placement denied for plant 1 at (43, 5): plant already occupies cell
[2026-09-12T09:17:49.390239+00:00] Placement denied for plant 1 at (44, 5): plant already occupies cell
[2026-09-12T09:17:49.390242+00:00] Placement denied for plant 1 at (45, 5): plant already occupies cell
[2026-09-12T09:17:49.390245+00:00] Placement denied for plant 1 at (46, 5): plant already occupies cell
[2026-09-12T09:17:49.390248+00:00] Placement denied for plant 1 at (47, 5): plant already occupies cell
[2026-09-12T09:17:49.390251+00:00] Placement denied for plant 1 at (48, 5): plant already occupies cell
[2026-09-12T09:17:49.390254+00:00] Placement denied for plant 1 at (49, 5): plant already occupies cell
[2026-09-12T09:17:49.392594+00:00] Placement denied for plant 1 at (0, 6): plant already occupies cell
[2026-09-12T09:17:49.392601+00:00] Placement denied for plant 1 at (1, 6): plant already occupies cell
[2026-09-12T09:17:49.392605+00:00] Placement denied for plant 1 at (2, 6): plant already occupies cell
[2026-09-12T09:17:49.392608+00:00] Placement denied for plant 1 at (3, 6): plant already occupies cell
[2026-09-12T09:17:49.392612+00:00] Placement denied for plant 1 at (4, 6): plant already occupies cell
[2026-09-12T09:17:49.392616+00:00] Placement denied for plant 1 at (5, 6): plant already occupies cell
[2026-09-12T09:17:49.392619+00:00] Placement denied for plant 1 at (6, 6): plant already occupies cell
[2026-09-12T09:17:49.392622+00:00] Placement denied for plant 1 at (7, 6): plant already occupies cell
[2026-09-12T09:17:49.392625+00:00] Placement denied for plant 1 at (8, 6): plant already occupies cell
[2026-09-12T09:17:49.392629+00:00] Placement denied for plant 1 at (9, 6): plant already occupies cell
[2026-09-12T09:17:49.392633+00:00] Placement denied for plant 1 at (10, 6): plant already occupies cell
[2026-09-12T09:17:49.392636+00:00] Placement denied for plant 1 at (11, 6): plant already occupies cell
[2026-09-12T09:17:49.392639+00:00] Placement denied for plant 1 at (12, 6): plant already occupies cell
[2026-09-12T09:17:49.392642+00:00] Placement denied for plant 1 at (13, 6): plant already occupies cell
[2026-09-12T09:17:49.392645+00:00] Placement denied for plant 1 at (14, 6): plant already occupies cell
[2026-09-12T09:17:49.392648+00:00] Placement denied for plant 1 at (15, 6): plant already occupies cell
[2026-09-12T09:17:49.392651+00:00] Placement denied for plant 1 at (16, 6): plant already occupies cell
[2026-09-12T09:17:49.392653+00:00] Placement denied for plant 1 at (17, 6): plant already occupies cell
[2026-09-12T09:17:49.392656+00:00] Placement denied for plant 1 at (18, 6): plant already occupies cell
[2026-09-12T09:17:49.392659+00:00] Placement denied for plant 1 at (19, 6): plant already occupies cell
[2026-09-12T09:17:49.395078+00:00] Placement denied for plant 1 at (20, 6): plant already occupies cell
[2026-09-12T09:17:49.395088+00:00] Placement denied for plant 1 at (21, 6): plant already occupies cell
[2026-09-12T09:17:49.395092+00:00] Placement denied for plant 1 at (22, 6): plant already occupies cell
[2026-09-12T09:17:49.395095+00:00] Placement denied for plant 1 at (23, 6): plant already occupies cell
[2026-09-12T09:17:49.395099+00:00] Placement denied for plant 1 at (24, 6): plant already occupies cell
[2026-09-12T09:17:49.395102+00:00] Placement denied for plant 1 at (25, 6): plant already occupies cell
[2026-09-12T09:17:49.395106+00:00] Placement denied for plant 1 at (26, 6): plant already occupies cell
[2026-09-12T09:17:49.395109+00:00] Placement denied for plant 1 at (27, 6): plant already occupies cell
[2026-09-12T09:17:49.395113+00:00] Placement denied for plant 1 at (28, 6): plant already occupies cell
[2026-09-12T09:17:49.395116+00:00] Placement denied for plant 1 at (29, 6): plant already occupies cell
[2026-09-12T09:17:49.395120+00:00] Placement denied for plant 1 at (30, 6): plant already occupies cell
[2026-09-12T09:17:49.395123+00:00] Placement denied for plant 1 at (31, 6): plant already occupies cell
[2026-09-12T09:17:49.395126+00:00] Placement denied for plant 1 at (32, 6): plant already occupies cell
[2026-09-12T09:17:49.395130+00:00] Placement denied for plant 1 at (33, 6): plant already occupies cell
[2026-09-12T09:17:49.395133+00:00] Placement denied for plant 1 at (34, 6): plant already occupies cell
[2026-09-12T09:17:49.395137+00:00] Placement denied for plant 1 at (35, 6): plant already occupies cell
[2026-09-12T09:17:49.395140+00:00] Placement denied for plant 1 at (36, 6): plant already occupies cell
[2026-09-12T09:17:49.395143+00:00] Placement denied for plant 1 at (37, 6): plant already occupies cell
[2026-09-12T09:17:49.395146+00:00] Placement denied for plant 1 at (38, 6): plant already occupies cell
[2026-09-12T09:17:49.395149+00:00] Placement denied for plant 1 at (39, 6): plant already occupies cell
[2026-09-12T09:17:49.398077+00:00] Placement denied for plant 1 at (40, 6): plant already occupies cell
[2026-09-12T09:17:49.398087+00:00] Placement denied for plant 1 at (41, 6): plant already occupies cell
[2026-09-12T09:17:49.398091+00:00] Placement denied for plant 1 at (42, 6): plant already occupies cell
[2026-09-12T09:17:49.398094+00:00] Placement denied for plant 1 at (43, 6): plant already occupies cell
[2026-09-12T09:17:49.398098+00:00] Placement denied for plant 1 at (44, 6): plant already occupies cell
[2026-09-12T09:17:49.398101+00:00] Placement denied for plant 1 at (45, 6): plant already occupies cell
[2026-09-12T09:17:49.398104+00:00] Placement denied for plant 1 at (46, 6): plant already occupies cell
[2026-09-12T09:17:49.398107+00:00] Placement denied for plant 1 at (47, 6): plant already occupies cell
[2026-09-12T09:17:49.398111+00:00] Placement denied for plant 1 at (48, 6): plant already occupies cell
[2026-09-12T09:17:49.398114+00:00] Placement denied for plant 1 at (49, 6): plant already occupies cell
[2026-09-12T09:17:49.398117+00:00] Placement denied for plant 1 at (0, 7): plant already occupies cell
[2026-09-12T09:17:49.398120+00:00] Placement denied for plant 1 at (1, 7): plant already occupies cell
[2026-09-12T09:17:49.398123+00:00] Placement denied for plant 1 at (2, 7): plant already occupies cell
[2026-09-12T09:17:49.398126+00:00] Placement denied for plant 1 at (3, 7): plant already occupies cell
[2026-09-12T09:17:49.398129+00:00] Placement denied for plant 1 at (4, 7): plant already occupies cell
[2026-09-12T09:17:49.398131+00:00] Placement denied for plant 1 at (5, 7): plant already occupies cell
[2026-09-12T09:17:49.398134+00:00] Placement denied for plant 1 at (6, 7): plant already occupies cell
[2026-09-12T09:17:49.398137+00:00] Placement denied for plant 1 at (7, 7): plant already occupies cell
[2026-09-12T09:17:49.398140+00:00] Placement denied for plant 1 at (8, 7): plant already occupies cell
[2026-09-12T09:17:49.398143+00:00] Placement denied for plant 1 at (9, 7): plant already occupies cell
[2026-09-12T09:17:49.411096+00:00] Placement denied for plant 2 at (20, 8): plant already occupies cell
[2026-09-12T09:17:49.411111+00:00] Placement denied for plant 2 at (21, 8): plant already occupies cell
[2026-09-12T09:17:49.411115+00:00] Placement denied for plant 2 at (22, 8): plant already occupies cell
[2026-09-12T09:17:49.411118+00:00] Placement denied for plant 2 at (23, 8): plant already occupies cell
[2026-09-12T09:17:49.411122+00:00] Placement denied for plant 2 at (24, 8): plant already occupies cell
[2026-09-12T09:17:49.411125+00:00] Placement denied for plant 2 at (25, 8): plant already occupies cell
[2026-09-12T09:17:49.411128+00:00] Placement denied for plant 2 at (26, 8): plant already occupies cell
[2026-09-12T09:17:49.411131+00:00] Placement denied for plant 2 at (27, 8): plant already occupies cell
[2026-09-12T09:17:49.411134+00:00] Placement denied for plant 2 at (28, 8): plant already occupies cell
[2026-09-12T09:17:49.411138+00:00] Placement denied for plant 2 at (29, 8): plant already occupies cell
[2026-09-12T09:17:49.414683+00:00] Placement denied for plant 2 at (40, 8): plant already occupies cell
[2026-09-12T09:17:49.414694+00:00] Placement denied for plant 2 at (41, 8): plant already occupies cell
[2026-09-12T09:17:49.414698+00:00] Placement denied for plant 2 at (42, 8): plant already occupies cell
[2026-09-12T09:17:49.414701+00:00] Placement denied for plant 2 at (43, 8): plant already occupies cell
[2026-09-12T09:17:49.414704+00:00] Placement denied for plant 2 at (44, 8): plant already occupies cell
[2026-09-12T09:17:49.414707+00:00] Placement denied for plant 2 at (45, 8): plant already occupies cell
[2026-09-12T09:17:49.414710+00:00] Placement denied for plant 2 at (46, 8): plant already occupies cell
[2026-09-12T09:17:49.414713+00:00] Placement denied for plant 2 at (47, 8): plant already occupies cell
[2026-09-12T09:17:49.414716+00:00] Placement denied for plant 2 at (48, 8): plant already occupies cell
[2026-09-12T09:17:49.414719+00:00] Placement denied for plant 2 at (49, 8): plant already occupies cell
[2026-09-12T09:17:49.418429+00:00] Placement denied for plant 2 at (10, 9): plant already occupies cell
[2026-09-12T09:17:49.418439+00:00] Placement denied for plant 2 at (11, 9): plant already occupies cell
[2026-09-12T09:17:49.418442+00:00] Placement denied for plant 2 at (12, 9): plant already occupies cell
[2026-09-12T09:17:49.418445+00:00] Placement denied for plant 2 at (13, 9): plant already occupies cell
[2026-09-12T09:17:49.418448+00:00] Placement denied for plant 2 at (14, 9): plant already occupies cell
[2026-09-12T09:17:49.418451+00:00] Placement denied for plant 2 at (15, 9): plant already occupies cell
[2026-09-12T09:17:49.418454+00:00] Placement denied for plant 2 at (16, 9): plant already occupies cell
[2026-09-12T09:17:49.418457+00:00] Placement denied for plant 2 at (17, 9): plant already occupies cell
[2026-09-12T09:17:49.418460+00:00] Placement denied for plant 2 at (18, 9): plant already occupies cell
[2026-09-12T09:17:49.418463+00:00] Placement denied for plant 2 at (19, 9): plant already occupies cell
[2026-09-12T09:17:49.418466+00:00] Placement denied for plant 2 at (20, 9): plant already occupies cell
[2026-09-12T09:17:49.418469+00:00] Placement denied for plant 2 at (21, 9): plant already occupies cell
[2026-09-12T09:17:49.418471+00:00] Placement denied for plant 2 at (22, 9): plant already occupies cell
[2026-09-12T09:17:49.418474+00:00] Placement denied for plant 2 at (23, 9): plant already occupies cell
[2026-09-12T09:17:49.418477+00:00] Placement denied for plant 2 at (24, 9): plant already occupies cell
[2026-09-12T09:17:49.418480+00:00] Placement denied for plant 2 at (25, 9): plant already occupies cell
[2026-09-12T09:17:49.418483+00:00] Placement denied for plant 2 at (26, 9): plant already occupies cell
[2026-09-12T09:17:49.418486+00:00] Placement denied for plant 2 at (27, 9): plant already occupies cell
[2026-09-12T09:17:49.418489+00:00] Placement denied for plant 2 at (28, 9): plant already occupies cell
[2026-09-12T09:17:49.418491+00:00] Placement denied for plant 2 at (29, 9): plant already occupies cell
[2026-09-12T09:17:49.422160+00:00] Placement denied for plant 2 at (30, 9): plant already occupies cell
[2026-09-12T09:17:49.422171+00:00] Placement denied for plant 2 at (31, 9): plant already occupies cell
[2026-09-12T09:17:49.422174+00:00] Placement denied for plant 2 at (32, 9): plant already occupies cell
[2026-09-12T09:17:49.422177+00:00] Placement denied for plant 2 at (33, 9): plant already occupies cell
[2026-09-12T09:17:49.422180+00:00] Placement denied for plant 2 at (34, 9): plant already occupies cell
[2026-09-12T09:17:49.422184+00:00] Placement denied for plant 2 at (35, 9): plant already occupies cell
[2026-09-12T09:17:49.422186+00:00] Placement denied for plant 2 at (36, 9): plant already occupies cell
[2026-09-12T09:17:49.422189+00:00] Placement denied for plant 2 at (37, 9): plant already occupies cell
[2026-09-12T09:17:49.422192+00:00] Placement denied for plant 2 at (38, 9): plant already occupies cell
[2026-09-12T09:17:49.422195+00:00] Placement denied for plant 2 at (39, 9): plant already occupies cell
[2026-09-12T09:17:49.422198+00:00] Placement denied for plant 2 at (40, 9): plant already occupies cell
[2026-09-12T09:17:49.422201+00:00] Placement denied for plant 2 at (41, 9): plant already occupies cell
[2026-09-12T09:17:49.422204+00:00] Placement denied for plant 2 at (42, 9): plant already occupies cell
[2026-09-12T09:17:49.422207+00:00] Placement denied for plant 2 at (43, 9): plant already occupies cell
[2026-09-12T09:17:49.422210+00:00] Placement denied for plant 2 at (44, 9): plant already occupies cell
[2026-09-12T09:17:49.422213+00:00] Placement denied for plant 2 at (45, 9): plant already occupies cell
[2026-09-12T09:17:49.422216+00:00] Placement denied for plant 2 at (46, 9): plant already occupies cell
[2026-09-12T09:17:49.422219+00:00] Placement denied for plant 2 at (47, 9): plant already occupies cell
[2026-09-12T09:17:49.422222+00:00] Placement denied for plant 2 at (48, 9): plant already occupies cell
[2026-09-12T09:17:49.422227+00:00] Placement denied for plant 2 at (49, 9): plant already occupies cell
[2026-09-12T09:17:49.425644+00:00] Placement denied for plant 2 at (20, 10): plant already occupies cell
[2026-09-12T09:17:49.425653+00:00] Placement denied for plant 2 at (21, 10): plant already occupies cell
[2026-09-12T09:17:49.425656+00:00] Placement denied for plant 2 at (22, 10): plant already occupies cell
[2026-09-12T09:17:49.425659+00:00] Placement denied for plant 2 at (23, 10): plant already occupies cell
[2026-09-12T09:17:49.425662+00:00] Placement denied for plant 2 at (24, 10): plant already occupies cell
[2026-09-12T09:17:49.425665+00:00] Placement denied for plant 2 at (25, 10): plant already occupies cell
[2026-09-12T09:17:49.425668+00:00] Placement denied for plant 2 at (26, 10): plant already occupies cell
[2026-09-12T09:17:49.425671+00:00] Placement denied for plant 2 at (27, 10): plant already occupies cell
[2026-09-12T09:17:49.425674+00:00] Placement denied for plant 2 at (28, 10): plant already occupies cell
[2026-09-12T09:17:49.425677+00:00] Placement denied for plant 2 at (29, 10): plant already occupies cell
[2026-09-12T09:17:49.979697+00:00] PlantSim simulation completed
[2026-09-12T09:17:49.980679+00:00] PlantSim scoring started
[2026-09-12T09:17:49.981985+00:00] PlantSim evaluation completed with score 0.209636
[2026-09-12T09:17:49.991228+00:00] Setting score to 209636426
[2026-09-12T09:17:49.991514+00:00] PlantSim statistics: {'score': 0.20963642564799523, 'main_score': 0.249345932059994, 'longevity_score': 0.0507984, 'entropy': 0.34631379452776945, 'total_plants_planted_C': 1800, 'unlocked_plant_types': np.int64(4), 'density_factor': 0.72, 'number_of_plant_species_in_the_game': 31, 'c_max_or_grid_size': 2500, 'plant_counts': array([  0., 592.,   0.,   0., 684.,  54.,   0.,   0.,   0.,   0.,   0.,
       470.,   0.,   0.,   0.,   0.,   0.,   0.,   0.,   0.,   0.,   0.,
         0.,   0.,   0.,   0.,   0.,   0.,   0.,   0.,   0.])}
[2026-09-12T09:17:49.991521+00:00] Evaluation completed successfully